edges
| HelloWorld.java:5:32:5:39 | "Semmle" : String | HelloWorld.java:8:24:8:34 | name : String |
| HelloWorld.java:8:24:8:34 | name : String | HelloWorld.java:21:15:21:18 | name : String |
| HelloWorld.java:21:15:21:18 | name : String | HelloWorld.java:24:16:24:26 | name |
| HelloWorld.java:21:15:21:18 | name : String | HelloWorld.java:24:16:24:26 | name : String |
| HelloWorld.java:24:16:24:26 | name : String | HelloWorld.java:25:37:25:40 | name |
nodes
| HelloWorld.java:5:32:5:39 | "Semmle" : String | semmle.label | "Semmle" : String |
| HelloWorld.java:8:24:8:34 | name : String | semmle.label | name : String |
| HelloWorld.java:21:15:21:18 | name : String | semmle.label | name : String |
| HelloWorld.java:24:16:24:26 | name | semmle.label | name |
| HelloWorld.java:24:16:24:26 | name : String | semmle.label | name : String |
| HelloWorld.java:25:37:25:40 | name | semmle.label | name |
subpaths
#select
| HelloWorld.java:24:16:24:26 | name | HelloWorld.java:5:32:5:39 | "Semmle" : String | HelloWorld.java:24:16:24:26 | name | sayHi |
| HelloWorld.java:25:37:25:40 | name | HelloWorld.java:5:32:5:39 | "Semmle" : String | HelloWorld.java:25:37:25:40 | name | sayHi |
